<html>
<body>
<pre>
<h1>µVision Build Log</h1>
<h2>Tool Versions:</h2>
IDE-Version: ¦ÌVision V5.20.0.0
Copyright (C) 2016 ARM Ltd and ARM Germany GmbH. All rights reserved.
License Information: yang jeason, tencent, LIC=585FJ-UT826-569Q2-9TSKL-NI0F2-Q05LT
 
Tool Versions:
Toolchain:       MDK-ARM Plus  Version: 5.20
Toolchain Path:  E:\Program Files\Keil_v5\ARM\ARMCC\Bin
C Compiler:      Armcc.exe V5.06 update 2 (build 183)
Assembler:       Armasm.exe V5.06 update 2 (build 183)
Linker/Locator:  ArmLink.exe V5.06 update 2 (build 183)
Library Manager: ArmAr.exe V5.06 update 2 (build 183)
Hex Converter:   FromElf.exe V5.06 update 2 (build 183)
CPU DLL:         SARMCM3.DLL V5.20
Dialog DLL:      DARMSTM.DLL V1.66.0.0
Target DLL:      STLink\ST-LINKIII-KEIL_SWO.dll V2.0.18.0
Dialog DLL:      TARMSTM.DLL V1.65.0.0
 
<h2>Project:</h2>
C:\Users\yangjiacheng\Downloads\STM32F103C8T6_CMSIS-DAP_SWO\STM32F103C8T6DAP.uvproj
Project File Date:  07/24/2026

<h2>Output:</h2>
*** Using Compiler 'V5.06 update 2 (build 183)', folder: 'E:\Program Files\Keil_v5\ARM\ARMCC\Bin'
Rebuild target 'STM32F103-BLUEPILL'
assembling startup_stm32f10x_md.s...
compiling usb_config.c...
compiling DMA_STM32F10x.c...
compiling SW_DP.c...
compiling main.c...
User\main.c(22): warning:  #1215-D: #warning directive: "BLUEPILL board: using Remapped SWD/SWC port, TDO-PB7, nRESET-PB6, TDI-PB5"
  #warning "BLUEPILL board: using Remapped SWD/SWC port, TDO-PB7, nRESET-PB6, TDI-PB5"
User\main.c(34): warning:  #1215-D: #warning directive: "SWD mode + JTAG mode"
  #warning "SWD mode + JTAG mode"
User\main.c: 2 warnings, 0 errors
compiling USART_STM32F10x.c...
Driver\STM32F10x_ARM_Driver\USART_STM32F10x.h(42): warning:  #1215-D: #warning directive: "Use PB7 as SWO port."
  #warning "Use PB7 as SWO port."
Driver\STM32F10x_ARM_Driver\USART_STM32F10x.c: 1 warning, 0 errors
compiling misc.c...
compiling SWO.c...
compiling stm32f10x_gpio.c...
compiling system_stm32f10x.c...
User\system_stm32f10x.c(102): warning:  #1215-D: #warning directive: "Use STM32F103Cx (72 MHz)"
  		#warning "Use STM32F103Cx (72 MHz)"
User\system_stm32f10x.c: 1 warning, 0 errors
compiling GPIO_STM32F10x.c...
compiling stm32f10x_flash.c...
compiling stm32f10x_rcc.c...
compiling usbd_STM32F103.c...
compiling usbd_user_hid.c...
compiling usbd_user_cdc_acm.c...
compiling JTAG_DP.c...
compiling DAP.c...
linking...
Program Size: Code=30804 RO-data=1112 RW-data=264 ZI-data=17912  
FromELF: creating hex file...
".\build\F103-DAP-SWO-CDC-BLUEPILL-SWD_PB8PB9.axf" - 0 Error(s), 4 Warning(s).
Build Time Elapsed:  00:00:01
</pre>
</body>
</html>
